Last login: Tue Nov 20 01:18:06 on ttys012
dengwei@RMBAP:~/projects/github/no7dw/py-practice/temp/stream$ redis-cli
127.0.0.1:6379>
dengwei@RMBAP:~/projects/github/no7dw/py-practice/temp/stream$ redis-cli --version
redis-cli 5.0.0
dengwei@RMBAP:~/projects/github/no7dw/py-practice/temp/stream$ redis-cli
127.0.0.1:6379> XGROUP CREATE mystream mygroup
(error) ERR The XGROUP subcommand requires the key to exist. Note that for CREATE you may want to use the MKSTREAM option to create an empty stream automatically.
127.0.0.1:6379> XADD mystream ID field string [field string ...]
dengwei@RMBAP:~/projects/github/no7dw/py-practice/temp/stream$ redis-cli
127.0.0.1:6379> XGROUP CREATE mystream mygroup
(error) ERR The XGROUP subcommand requires the key to exist. Note that for CREATE you may want to use the MKSTREAM option to create an empty stream automatically.
127.0.0.1:6379> sensor
(error) ERR unknown command `sensor`, with args beginning with:
127.0.0.1:6379> XGROUP CREATE mystream mygroup
(error) ERR The XGROUP subcommand requires the key to exist. Note that for CREATE you may want to use the MKSTREAM option to create an empty stream automatically.
127.0.0.1:6379> XADD  keyabc fieldefg "content"
(error) ERR wrong number of arguments for 'xadd' command
127.0.0.1:6379> xadd  keyabc fieldefg "content"
(error) ERR wrong number of arguments for 'xadd' command
127.0.0.1:6379> xadd  keyabc fieldefg "content"
(error) ERR wrong number of arguments for 'xadd' command
127.0.0.1:6379> xadd foo
(error) ERR wrong number of arguments for 'xadd' command
127.0.0.1:6379>
127.0.0.1:6379> xadd foo
(error) ERR wrong number of arguments for 'xadd' command
127.0.0.1:6379> xadd forr * f1 1 f2 100
"1542678006227-0"
127.0.0.1:6379> xlen forr
(integer) 1
127.0.0.1:6379> xrange forr - +
1) 1) "1542678006227-0"
   2) 1) "f1"
      2) "1"
      3) "f2"
      4) "100"
127.0.0.1:6379> xrange forr 0 1
(empty list or set)
127.0.0.1:6379> xrange forr 0 2
(empty list or set)
127.0.0.1:6379> xrange forr - 2
(empty list or set)
127.0.0.1:6379> xrange forr - 1
(empty list or set)
127.0.0.1:6379> xadd forr * f3 300
"1542678148614-0"
127.0.0.1:6379> forr
(error) ERR unknown command `forr`, with args beginning with:
127.0.0.1:6379> xrange forr -+
(error) ERR wrong number of arguments for 'xrange' command
127.0.0.1:6379> xrange forr - +
1) 1) "1542678006227-0"
   2) 1) "f1"
      2) "1"
      3) "f2"
      4) "100"
2) 1) "1542678148614-0"
   2) 1) "f3"
      2) "300"
127.0.0.1:6379> xadd forr * f4 400
"1542678217303-0"
127.0.0.1:6379> xrange forr - +
1) 1) "1542678006227-0"
   2) 1) "f1"
      2) "1"
      3) "f2"
      4) "100"
2) 1) "1542678148614-0"
   2) 1) "f3"
      2) "300"
3) 1) "1542678217303-0"
   2) 1) "f4"
      2) "400"
127.0.0.1:6379> xrange forr 1 3
(empty list or set)
127.0.0.1:6379> xrange forr 1 3 2
(error) ERR syntax error
127.0.0.1:6379> xrange forr
(error) ERR wrong number of arguments for 'xrange' command
127.0.0.1:6379> xrange forr 1 2
(empty list or set)
127.0.0.1:6379> xrange forr 1 2 1
(error) ERR syntax error
127.0.0.1:6379> xread count 2 STREAM forr 0
(error) ERR syntax error
127.0.0.1:6379> xread COUNT 2 STREAM forr 0
(error) ERR syntax error
127.0.0.1:6379> xread COUNT 2 STREAMs forr 0
1) 1) "forr"
   2) 1) 1) "1542678006227-0"
         2) 1) "f1"
            2) "1"
            3) "f2"
            4) "100"
      2) 1) "1542678148614-0"
         2) 1) "f3"
            2) "300"
127.0.0.1:6379> xlen foor
(integer) 0
127.0.0.1:6379> xlen forr
(integer) 3
127.0.0.1:6379> xlen forr
(integer) 4
127.0.0.1:6379> xrange forr - +
1) 1) "1542678006227-0"
   2) 1) "f1"
      2) "1"
      3) "f2"
      4) "100"
2) 1) "1542678148614-0"
   2) 1) "f3"
      2) "300"
3) 1) "1542678217303-0"
   2) 1) "f4"
      2) "400"
4) 1) "1542678473233-0"
   2) 1) "f5"
      2) "5"
      3) "f6"
      4) "600"
127.0.0.1:6379> xlen forr
(integer) 6
127.0.0.1:6379> xgroup CREATE foo foocg1 $
(error) WRONGTYPE Operation against a key holding the wrong kind of value
127.0.0.1:6379> xgroup CREATE foo foocg1 $
(error) WRONGTYPE Operation against a key holding the wrong kind of value
127.0.0.1:6379> xgroup create foo foocg1 $
(error) WRONGTYPE Operation against a key holding the wrong kind of value
127.0.0.1:6379> xgroup create foo foocg1 $
(error) WRONGTYPE Operation against a key holding the wrong kind of value
127.0.0.1:6379> xgroup create stm cg1 0-0
(error) ERR The XGROUP subcommand requires the key to exist. Note that for CREATE you may want to use the MKSTREAM option to create an empty stream automatically.
127.0.0.1:6379> xgroup create stm cg1 0-0
(error) ERR The XGROUP subcommand requires the key to exist. Note that for CREATE you may want to use the MKSTREAM option to create an empty stream automatically.
127.0.0.1:6379> xgroup create foo foocg1 $
(error) WRONGTYPE Operation against a key holding the wrong kind of value
127.0.0.1:6379> xgroup create forr foocg1  $
OK
127.0.0.1:6379> xadd forr * abc 1
"1542679345985-0"
127.0.0.1:6379> xadd forr * abc 2
"1542679348031-0"
127.0.0.1:6379> xadd forr * abc 3
"1542679349400-0"
127.0.0.1:6379> xgroup create forr foocg2  $
OK
127.0.0.1:6379> xreadgroup
(error) ERR wrong number of arguments for 'xreadgroup' command
127.0.0.1:6379> xreadgroup group foocg1 c1 count 1 streams forr
(error) ERR Unbalanced XREAD list of streams: for each stream key an ID or '$' must be specified.
127.0.0.1:6379> xreadgroup group foocg1 c1 count 1 streams forr >
1) 1) "forr"
   2) 1) 1) "1542679345985-0"
         2) 1) "abc"
            2) "1"
127.0.0.1:6379> xreadgroup group foocg1 c1 count 1 streams forr >
1) 1) "forr"
   2) 1) 1) "1542679348031-0"
         2) 1) "abc"
            2) "2"
127.0.0.1:6379> xreadgroup group foocg1 c1 count 1 streams forr 0-0
1) 1) "forr"
   2) 1) 1) "1542679345985-0"
         2) 1) "abc"
            2) "1"
127.0.0.1:6379> xlen foocg1
(integer) 0
127.0.0.1:6379> xlen c1
(integer) 0
127.0.0.1:6379> xlen forr
(integer) 9
127.0.0.1:6379> xreadgroup group foocg1 c2 count 1 streams forr >
1) 1) "forr"
   2) 1) 1) "1542679349400-0"
         2) 1) "abc"
            2) "3"
127.0.0.1:6379> xreadgroup group foocg1 c2 count 1 streams forr 0-0
1) 1) "forr"
   2) 1) 1) "1542679349400-0"
         2) 1) "abc"
            2) "3"
127.0.0.1:6379> xreadgroup group foocg1 c2 count 1 streams forr >
(nil)
127.0.0.1:6379> xreadgroup group foocg1 c2 count 1 streams forr 0-0
1) 1) "forr"
   2) 1) 1) "1542679349400-0"
         2) 1) "abc"
            2) "3"
127.0.0.1:6379> xreadgroup group foocg1 c2 count 1 streams forr 1
1) 1) "forr"
   2) 1) 1) "1542679349400-0"
         2) 1) "abc"
            2) "3"
127.0.0.1:6379> xreadgroup group foocg1 c2 count 1 streams forr 0
1) 1) "forr"
   2) 1) 1) "1542679349400-0"
         2) 1) "abc"
            2) "3"
127.0.0.1:6379> xreadgroup group foocg1 c2 count 1 streams forr 1
1) 1) "forr"
   2) 1) 1) "1542679349400-0"
         2) 1) "abc"
            2) "3"
127.0.0.1:6379> xreadgroup group foocg1 c2 count 1 streams forr 2
1) 1) "forr"
   2) 1) 1) "1542679349400-0"
         2) 1) "abc"
            2) "3"
127.0.0.1:6379> xreadgroup group foocg1 c2 count 1 streams forr 3
1) 1) "forr"
   2) 1) 1) "1542679349400-0"
         2) 1) "abc"
            2) "3"
127.0.0.1:6379> xreadgroup group foocg1 c2 count 1 streams forr 4
1) 1) "forr"
   2) 1) 1) "1542679349400-0"
         2) 1) "abc"
            2) "3"
127.0.0.1:6379> xack forr foocg1  1542679345985-0
(integer) 1
127.0.0.1:6379> xreadgroup group foocg1 c2 count 1 streams forr 0-0
1) 1) "forr"
   2) 1) 1) "1542679349400-0"
         2) 1) "abc"
            2) "3"
127.0.0.1:6379> xreadgroup group foocg1 c1 count 1 streams forr 0-0
1) 1) "forr"
   2) 1) 1) "1542679348031-0"
         2) 1) "abc"
            2) "2"
127.0.0.1:6379> xack forr foocg1 1542679345985-0
(integer) 0
127.0.0.1:6379> xack forr foocg1 1542679345985-0
(integer) 0
127.0.0.1:6379> xreadgroup group foocg1 c1 count 1 streams forr 0-0
1) 1) "forr"
   2) 1) 1) "1542679348031-0"
         2) 1) "abc"
            2) "2"
127.0.0.1:6379>  xack forr foocg1 1542679348031-0
(integer) 1
127.0.0.1:6379> xreadgroup group foocg1 c1 count 1 streams forr 0-0
1) 1) "forr"
   2) (empty list or set)
127.0.0.1:6379> xreadgroup group foocg2 c1 count 1 streams forr 0-0
1) 1) "forr"
   2) (empty list or set)
127.0.0.1:6379> xreadgroup group foocg1 c2 count 1 streams forr 0-0
1) 1) "forr"
   2) 1) 1) "1542679349400-0"
         2) 1) "abc"
            2) "3"
127.0.0.1:6379> xack forr foocg1 c2 1542679349400-0
(error) ERR Invalid stream ID specified as stream command argument
127.0.0.1:6379> xack forr foocg2 c1 1542679349400-0
(error) ERR Invalid stream ID specified as stream command argument
127.0.0.1:6379> xack forr foocg1 c1 1542679349400-0
(error) ERR Invalid stream ID specified as stream command argument
127.0.0.1:6379> XPENDING forr foocg1
1) (integer) 1
2) "1542679349400-0"
3) "1542679349400-0"
4) 1) 1) "c2"
      2) "1"
127.0.0.1:6379> XPENDING forr foocg2
1) (integer) 0
2) (nil)
3) (nil)
4) (nil)
127.0.0.1:6379> xack forr goocg1 1542679349400-0
(integer) 0
127.0.0.1:6379> XPENDING forr foocg1
1) (integer) 1
2) "1542679349400-0"
3) "1542679349400-0"
4) 1) 1) "c2"
      2) "1"
127.0.0.1:6379> xclaim forr foocg1 - + 3
(error) ERR Invalid min-idle-time argument for XCLAIM
127.0.0.1:6379> xclaim forr foocg1 - + 10
(error) ERR Invalid min-idle-time argument for XCLAIM
127.0.0.1:6379> xclaim forr foocg1 - + 10
(error) ERR Invalid min-idle-time argument for XCLAIM
127.0.0.1:6379> xclaim forr foocg1 - +
(error) ERR wrong number of arguments for 'xclaim' command
127.0.0.1:6379> xclaim forr foocg1
(error) ERR wrong number of arguments for 'xclaim' command
127.0.0.1:6379> xclaim forr foocg1 c2 - + 3
(error) ERR Invalid min-idle-time argument for XCLAIM
127.0.0.1:6379> xclaim forr foocg1 c2 - + 10
(error) ERR Invalid min-idle-time argument for XCLAIM
127.0.0.1:6379> xpending forr foocg1 c2 - + 10
(error) ERR value is not an integer or out of range
127.0.0.1:6379> xpending forr foocg1 c2 - +
(error) ERR value is not an integer or out of range
127.0.0.1:6379> xpending forr foocg1  - +
(error) ERR syntax error
127.0.0.1:6379> xpending forr foocg1  - + 10
1) 1) "1542679349400-0"
   2) "c2"
   3) (integer) 401011
   4) (integer) 11
127.0.0.1:6379> xpending forr foocg2  - + 10
(empty list or set)
127.0.0.1:6379> xpending forr foocg1  - + 10
1) 1) "1542679349400-0"
   2) "c2"
   3) (integer) 413926
   4) (integer) 11
127.0.0.1:6379> xpending forr foocg1  - + 3
1) 1) "1542679349400-0"
   2) "c2"
   3) (integer) 420509
   4) (integer) 11
127.0.0.1:6379> xpending forr foocg1
1) (integer) 1
2) "1542679349400-0"
3) "1542679349400-0"
4) 1) 1) "c2"
      2) "1"
127.0.0.1:6379> xclaim forr foocg1 - + 10
(error) ERR Invalid min-idle-time argument for XCLAIM
127.0.0.1:6379> xclaim forr foocg1 - + 3
(error) ERR Invalid min-idle-time argument for XCLAIM
127.0.0.1:6379> xclaim forr foocg1 - + 1
(error) ERR Invalid min-idle-time argument for XCLAIM
127.0.0.1:6379> xclaim forr foocg1 - + 1542679349400-0
(error) ERR Invalid min-idle-time argument for XCLAIM
127.0.0.1:6379> xclaim forr foocg1 - + c2
(error) ERR Invalid min-idle-time argument for XCLAIM
127.0.0.1:6379> xclaim forr foocg1 0 10
(error) ERR wrong number of arguments for 'xclaim' command
127.0.0.1:6379> xclaim forr foocg1 - 9999
(error) ERR wrong number of arguments for 'xclaim' command
127.0.0.1:6379> xclaim forr foocg1 - 9999 c1
(error) ERR Unrecognized XCLAIM option 'c1'
127.0.0.1:6379> xclaim forr foocg1 - 9999 1542679349400-0
1) 1) "1542679349400-0"
   2) 1) "abc"
      2) "3"
127.0.0.1:6379> xclaim forr foocg1 - + 1542679349400-0
(error) ERR Invalid min-idle-time argument for XCLAIM
127.0.0.1:6379> xclaim forr foocg1 - 1542679349400-0
(error) ERR wrong number of arguments for 'xclaim' command
127.0.0.1:6379> xclaim forr foocg1 - 1542679349400-0
(error) ERR wrong number of arguments for 'xclaim' command
127.0.0.1:6379> xpending forr foocg1
1) (integer) 1
2) "1542679349400-0"
3) "1542679349400-0"
4) 1) 1) "-"
      2) "1"
127.0.0.1:6379> xclaim forr foocg1 - 1542679349400-0
(error) ERR wrong number of arguments for 'xclaim' command
127.0.0.1:6379> xclaim forr foocg1 0 1542679349400-0
(error) ERR wrong number of arguments for 'xclaim' command
127.0.0.1:6379> xclaim forr foocg1 - 9999 1542679349400-0
1) 1) "1542679349400-0"
   2) 1) "abc"
      2) "3"
127.0.0.1:6379>
127.0.0.1:6379> xclaim forr foocg1 0 1542679349400-0 ID [ID ...] [IDLE ms] [TIME ms-unix-time] [RETRYCOUNT count] [force] [justid]
dengwei@RMBAP:~/projects/github/no7dw/py-practice/temp/stream$
